[INFO] Scanning for projects...
[INFO] 
[INFO] -------------------< com.app:server-infrastructure >--------------------
[INFO] Building server-infrastructure 1.0-SNAPSHOT
[INFO]   from pom.xml
[INFO] --------------------------------[ jar ]---------------------------------
[INFO] 
[INFO] --- clean:3.2.0:clean (default-clean) @ server-infrastructure ---
[INFO] Deleting C:\Users\monto\universidad\Arqui\chat-app\chat-server\server-infrastructure\target
[INFO] 
[INFO] --- resources:3.3.1:resources (default-resources) @ server-infrastructure ---
[INFO] Copying 6 resources from src\main\resources to target\classes
[INFO] 
[INFO] --- compiler:3.13.0:compile (default-compile) @ server-infrastructure ---
[INFO] Recompiling the module because of changed source code.
[INFO] Compiling 76 source files with javac [debug target 21] to target\classes
[INFO] -------------------------------------------------------------
[ERROR] COMPILATION ERROR : 
[INFO] -------------------------------------------------------------
[ERROR] /C:/Users/monto/universidad/Arqui/chat-app/chat-server/server-infrastructure/src/main/java/com/serverInfrastructure/adapters/peer/PeerTcpServerAdapter.java:[61,9] illegal start of type
[ERROR] /C:/Users/monto/universidad/Arqui/chat-app/chat-server/server-infrastructure/src/main/java/com/serverInfrastructure/adapters/peer/PeerTcpServerAdapter.java:[61,29] ',', ')', or '[' expected
[ERROR] /C:/Users/monto/universidad/Arqui/chat-app/chat-server/server-infrastructure/src/main/java/com/serverInfrastructure/adapters/peer/PeerTcpServerAdapter.java:[62,9] illegal start of type
[ERROR] /C:/Users/monto/universidad/Arqui/chat-app/chat-server/server-infrastructure/src/main/java/com/serverInfrastructure/adapters/peer/PeerTcpServerAdapter.java:[62,13] ';' expected
[ERROR] /C:/Users/monto/universidad/Arqui/chat-app/chat-server/server-infrastructure/src/main/java/com/serverInfrastructure/adapters/peer/PeerTcpServerAdapter.java:[62,35] <identifier> expected
[ERROR] /C:/Users/monto/universidad/Arqui/chat-app/chat-server/server-infrastructure/src/main/java/com/serverInfrastructure/adapters/peer/PeerTcpServerAdapter.java:[63,9] illegal start of type
[ERROR] /C:/Users/monto/universidad/Arqui/chat-app/chat-server/server-infrastructure/src/main/java/com/serverInfrastructure/adapters/peer/PeerTcpServerAdapter.java:[63,13] ';' expected
[ERROR] /C:/Users/monto/universidad/Arqui/chat-app/chat-server/server-infrastructure/src/main/java/com/serverInfrastructure/adapters/peer/PeerTcpServerAdapter.java:[63,30] <identifier> expected
[ERROR] /C:/Users/monto/universidad/Arqui/chat-app/chat-server/server-infrastructure/src/main/java/com/serverInfrastructure/adapters/peer/PeerTcpServerAdapter.java:[64,9] illegal start of type
[ERROR] /C:/Users/monto/universidad/Arqui/chat-app/chat-server/server-infrastructure/src/main/java/com/serverInfrastructure/adapters/peer/PeerTcpServerAdapter.java:[64,13] ';' expected
[ERROR] /C:/Users/monto/universidad/Arqui/chat-app/chat-server/server-infrastructure/src/main/java/com/serverInfrastructure/adapters/peer/PeerTcpServerAdapter.java:[64,36] <identifier> expected
[ERROR] /C:/Users/monto/universidad/Arqui/chat-app/chat-server/server-infrastructure/src/main/java/com/serverInfrastructure/adapters/peer/PeerTcpServerAdapter.java:[65,9] illegal start of type
[ERROR] /C:/Users/monto/universidad/Arqui/chat-app/chat-server/server-infrastructure/src/main/java/com/serverInfrastructure/adapters/peer/PeerTcpServerAdapter.java:[65,13] ';' expected
[ERROR] /C:/Users/monto/universidad/Arqui/chat-app/chat-server/server-infrastructure/src/main/java/com/serverInfrastructure/adapters/peer/PeerTcpServerAdapter.java:[65,36] <identifier> expected
[ERROR] /C:/Users/monto/universidad/Arqui/chat-app/chat-server/server-infrastructure/src/main/java/com/serverInfrastructure/adapters/peer/PeerTcpServerAdapter.java:[66,9] illegal start of type
[ERROR] /C:/Users/monto/universidad/Arqui/chat-app/chat-server/server-infrastructure/src/main/java/com/serverInfrastructure/adapters/peer/PeerTcpServerAdapter.java:[66,13] ';' expected
[ERROR] /C:/Users/monto/universidad/Arqui/chat-app/chat-server/server-infrastructure/src/main/java/com/serverInfrastructure/adapters/peer/PeerTcpServerAdapter.java:[66,38] <identifier> expected
[ERROR] /C:/Users/monto/universidad/Arqui/chat-app/chat-server/server-infrastructure/src/main/java/com/serverInfrastructure/adapters/peer/PeerTcpServerAdapter.java:[67,9] illegal start of type
[ERROR] /C:/Users/monto/universidad/Arqui/chat-app/chat-server/server-infrastructure/src/main/java/com/serverInfrastructure/adapters/peer/PeerTcpServerAdapter.java:[67,13] ';' expected
[ERROR] /C:/Users/monto/universidad/Arqui/chat-app/chat-server/server-infrastructure/src/main/java/com/serverInfrastructure/adapters/peer/PeerTcpServerAdapter.java:[67,29] <identifier> expected
[ERROR] /C:/Users/monto/universidad/Arqui/chat-app/chat-server/server-infrastructure/src/main/java/com/serverInfrastructure/adapters/peer/PeerTcpServerAdapter.java:[69,9] invalid method declaration; return type required
[ERROR] /C:/Users/monto/universidad/Arqui/chat-app/chat-server/server-infrastructure/src/main/java/com/serverInfrastructure/adapters/peer/PeerTcpServerAdapter.java:[72,12] unnamed classes are a preview feature and are disabled by default.
  (use --enable-preview to enable unnamed classes)
[ERROR] /C:/Users/monto/universidad/Arqui/chat-app/chat-server/server-infrastructure/src/main/java/com/serverInfrastructure/adapters/peer/PeerTcpServerAdapter.java:[408,1] class, interface, enum, or record expected
[ERROR] /C:/Users/monto/universidad/Arqui/chat-app/chat-server/server-infrastructure/src/main/java/com/serverInfrastructure/adapters/peer/PeerTcpServerAdapter.java:[1,1] unnamed class should not have package declaration
[INFO] 24 errors 
[INFO] -------------------------------------------------------------
[INFO] ------------------------------------------------------------------------
[INFO] BUILD FAILURE
[INFO] ------------------------------------------------------------------------
[INFO] Total time:  3.492 s
[INFO] Finished at: 2025-11-25T21:39:46-05:00
[INFO] ------------------------------------------------------------------------
[ERROR] Failed to execute goal org.apache.maven.plugins:maven-compiler-plugin:3.13.0:compile (default-compile) on project server-infrastructure: Compilation failure: Compilation failure: 
[ERROR] /C:/Users/monto/universidad/Arqui/chat-app/chat-server/server-infrastructure/src/main/java/com/serverInfrastructure/adapters/peer/PeerTcpServerAdapter.java:[61,9] illegal start of type
[ERROR] /C:/Users/monto/universidad/Arqui/chat-app/chat-server/server-infrastructure/src/main/java/com/serverInfrastructure/adapters/peer/PeerTcpServerAdapter.java:[61,29] ',', ')', or '[' expected
[ERROR] /C:/Users/monto/universidad/Arqui/chat-app/chat-server/server-infrastructure/src/main/java/com/serverInfrastructure/adapters/peer/PeerTcpServerAdapter.java:[62,9] illegal start of type
[ERROR] /C:/Users/monto/universidad/Arqui/chat-app/chat-server/server-infrastructure/src/main/java/com/serverInfrastructure/adapters/peer/PeerTcpServerAdapter.java:[62,13] ';' expected
[ERROR] /C:/Users/monto/universidad/Arqui/chat-app/chat-server/server-infrastructure/src/main/java/com/serverInfrastructure/adapters/peer/PeerTcpServerAdapter.java:[62,35] <identifier> expected
[ERROR] /C:/Users/monto/universidad/Arqui/chat-app/chat-server/server-infrastructure/src/main/java/com/serverInfrastructure/adapters/peer/PeerTcpServerAdapter.java:[63,9] illegal start of type
[ERROR] /C:/Users/monto/universidad/Arqui/chat-app/chat-server/server-infrastructure/src/main/java/com/serverInfrastructure/adapters/peer/PeerTcpServerAdapter.java:[63,13] ';' expected
[ERROR] /C:/Users/monto/universidad/Arqui/chat-app/chat-server/server-infrastructure/src/main/java/com/serverInfrastructure/adapters/peer/PeerTcpServerAdapter.java:[63,30] <identifier> expected
[ERROR] /C:/Users/monto/universidad/Arqui/chat-app/chat-server/server-infrastructure/src/main/java/com/serverInfrastructure/adapters/peer/PeerTcpServerAdapter.java:[64,9] illegal start of type
[ERROR] /C:/Users/monto/universidad/Arqui/chat-app/chat-server/server-infrastructure/src/main/java/com/serverInfrastructure/adapters/peer/PeerTcpServerAdapter.java:[64,13] ';' expected
[ERROR] /C:/Users/monto/universidad/Arqui/chat-app/chat-server/server-infrastructure/src/main/java/com/serverInfrastructure/adapters/peer/PeerTcpServerAdapter.java:[64,36] <identifier> expected
[ERROR] /C:/Users/monto/universidad/Arqui/chat-app/chat-server/server-infrastructure/src/main/java/com/serverInfrastructure/adapters/peer/PeerTcpServerAdapter.java:[65,9] illegal start of type
[ERROR] /C:/Users/monto/universidad/Arqui/chat-app/chat-server/server-infrastructure/src/main/java/com/serverInfrastructure/adapters/peer/PeerTcpServerAdapter.java:[65,13] ';' expected
[ERROR] /C:/Users/monto/universidad/Arqui/chat-app/chat-server/server-infrastructure/src/main/java/com/serverInfrastructure/adapters/peer/PeerTcpServerAdapter.java:[65,36] <identifier> expected
[ERROR] /C:/Users/monto/universidad/Arqui/chat-app/chat-server/server-infrastructure/src/main/java/com/serverInfrastructure/adapters/peer/PeerTcpServerAdapter.java:[66,9] illegal start of type
[ERROR] /C:/Users/monto/universidad/Arqui/chat-app/chat-server/server-infrastructure/src/main/java/com/serverInfrastructure/adapters/peer/PeerTcpServerAdapter.java:[66,13] ';' expected
[ERROR] /C:/Users/monto/universidad/Arqui/chat-app/chat-server/server-infrastructure/src/main/java/com/serverInfrastructure/adapters/peer/PeerTcpServerAdapter.java:[66,38] <identifier> expected
[ERROR] /C:/Users/monto/universidad/Arqui/chat-app/chat-server/server-infrastructure/src/main/java/com/serverInfrastructure/adapters/peer/PeerTcpServerAdapter.java:[67,9] illegal start of type
[ERROR] /C:/Users/monto/universidad/Arqui/chat-app/chat-server/server-infrastructure/src/main/java/com/serverInfrastructure/adapters/peer/PeerTcpServerAdapter.java:[67,13] ';' expected
[ERROR] /C:/Users/monto/universidad/Arqui/chat-app/chat-server/server-infrastructure/src/main/java/com/serverInfrastructure/adapters/peer/PeerTcpServerAdapter.java:[67,29] <identifier> expected
[ERROR] /C:/Users/monto/universidad/Arqui/chat-app/chat-server/server-infrastructure/src/main/java/com/serverInfrastructure/adapters/peer/PeerTcpServerAdapter.java:[69,9] invalid method declaration; return type required
[ERROR] /C:/Users/monto/universidad/Arqui/chat-app/chat-server/server-infrastructure/src/main/java/com/serverInfrastructure/adapters/peer/PeerTcpServerAdapter.java:[72,12] unnamed classes are a preview feature and are disabled by default.
[ERROR]   (use --enable-preview to enable unnamed classes)
[ERROR] /C:/Users/monto/universidad/Arqui/chat-app/chat-server/server-infrastructure/src/main/java/com/serverInfrastructure/adapters/peer/PeerTcpServerAdapter.java:[408,1] class, interface, enum, or record expected
[ERROR] /C:/Users/monto/universidad/Arqui/chat-app/chat-server/server-infrastructure/src/main/java/com/serverInfrastructure/adapters/peer/PeerTcpServerAdapter.java:[1,1] unnamed class should not have package declaration
[ERROR] -> [Help 1]
[ERROR] 
[ERROR] To see the full stack trace of the errors, re-run Maven with the -e switch.
[ERROR] Re-run Maven using the -X switch to enable full debug logging.
[ERROR] 
[ERROR] For more information about the errors and possible solutions, please read the following articles:
[ERROR] [Help 1] http://cwiki.apache.org/confluence/display/MAVEN/MojoFailureException
